04:01:08 **** Incremental Build of configuration Debug for project Midterm-Project ****
make -j12 all 
arm-none-eabi-gcc "../Core/Src/fsm_step3.c" -mcpu=cortex-m3 -std=gnu11 -g3 -DDEBUG -DUSE_HAL_DRIVER -DSTM32F103x6 -c -I../Core/Inc -I../Drivers/STM32F1xx_HAL_Driver/Inc -I../Drivers/STM32F1xx_HAL_Driver/Inc/Legacy -I../Drivers/CMSIS/Device/ST/STM32F1xx/Include -I../Drivers/CMSIS/Include -O0 -ffunction-sections -fdata-sections -Wall -fstack-usage -MMD -MP -MF"Core/Src/fsm_step3.d" -MT"Core/Src/fsm_step3.o" --specs=nano.specs -mfloat-abi=soft -mthumb -o "Core/Src/fsm_step3.o"
arm-none-eabi-gcc -o "Midterm-Project.elf" @"objects.list"   -mcpu=cortex-m3 -T"E:\BKU\MIDTERM VXL\Code\Midterm-Project\STM32F103C6UX_FLASH.ld" --specs=nosys.specs -Wl,-Map="Midterm-Project.map" -Wl,--gc-sections -static --specs=nano.specs -mfloat-abi=soft -mthumb -Wl,--start-group -lc -lm -Wl,--end-group
Finished building target: Midterm-Project.elf
 
arm-none-eabi-size   Midterm-Project.elf 
arm-none-eabi-objdump -h -S  Midterm-Project.elf  > "Midterm-Project.list"
arm-none-eabi-objcopy  -O ihex  Midterm-Project.elf  "Midterm-Project.hex"
arm-none-eabi-objcopy  -O binary  Midterm-Project.elf  "Midterm-Project.bin"
   text	   data	    bss	    dec	    hex	filename
  11372	     72	   1688	  13132	   334c	Midterm-Project.elf
Finished building: default.size.stdout
 
Finished building: Midterm-Project.hex
Finished building: Midterm-Project.bin
 
 
Finished building: Midterm-Project.list
 

04:01:08 Build Finished. 0 errors, 0 warnings. (took 612ms)

